---
source: flecs_ecs/examples/flecs/z_ignore_test_common.rs
expression: str_output
---
"TypeWithEnum: {color: Green}\n"
