---
source: flecs_ecs/examples/flecs/z_ignore_test_common.rs
expression: str_output
---
"\"{\\\"a\\\":\\\"foo\\\", \\\"b\\\":\\\"bar\\\"}\"\nStringComponent { a: \"hello\", b: \"world\" }\n"
