---
source: flecs_ecs/examples/flecs/z_ignore_test_common.rs
expression: str_output
---
"\"{\\\"points\\\":[{\\\"x\\\":1, \\\"y\\\":2}, {\\\"x\\\":3, \\\"y\\\":4}], \\\"strings\\\":[\\\"foo\\\", \\\"bar\\\"]}\"\n\"{\\\"points\\\":[{\\\"x\\\":4, \\\"y\\\":5}, {\\\"x\\\":6, \\\"y\\\":7}, {\\\"x\\\":0, \\\"y\\\":0}], \\\"strings\\\":[\\\"hello\\\", \\\"flecs\\\", \\\"reflection\\\", \\\"\\\"]}\"\n"
