---
source: flecs_ecs/examples/flecs/z_ignore_test_common.rs
expression: str_output
---
"{\"results\":[{\"name\":\"#16\", \"id\":16, \"components\":{\"flecs.core.Component\":{\"size\":16, \"alignment\":8}, \"flecs.meta.type\":{\"kind\":\"VectorType\"}, \"flecs.meta.TypeSerializer\":null, \"flecs.meta.vector\":{\"type\":\"alloc.string.String\"}}}, {\"name\":\"#18\", \"id\":18, \"components\":{\"flecs.core.Component\":{\"size\":16, \"alignment\":8}, \"flecs.meta.type\":{\"kind\":\"VectorType\"}, \"flecs.meta.TypeSerializer\":null, \"flecs.meta.vector\":{\"type\":\"flecs.meta.i8\"}}}, {\"name\":\"#20\", \"id\":20, \"components\":{\"flecs.core.Component\":{\"size\":16, \"alignment\":8}, \"flecs.meta.type\":{\"kind\":\"VectorType\"}, \"flecs.meta.TypeSerializer\":null, \"flecs.meta.vector\":{\"type\":\"flecs.meta.i16\"}}}, {\"name\":\"#22\", \"id\":22, \"components\":{\"flecs.core.Component\":{\"size\":16, \"alignment\":8}, \"flecs.meta.type\":{\"kind\":\"VectorType\"}, \"flecs.meta.TypeSerializer\":null, \"flecs.meta.vector\":{\"type\":\"flecs.meta.i32\"}}}, {\"name\":\"#24\", \"id\":24, \"components\":{\"flecs.core.Component\":{\"size\":16, \"alignment\":8}, \"flecs.meta.type\":{\"kind\":\"VectorType\"}, \"flecs.meta.TypeSerializer\":null, \"flecs.meta.vector\":{\"type\":\"flecs.meta.i64\"}}}, {\"name\":\"#26\", \"id\":26, \"components\":{\"flecs.core.Component\":{\"size\":16, \"alignment\":8}, \"flecs.meta.type\":{\"kind\":\"VectorType\"}, \"flecs.meta.TypeSerializer\":null, \"flecs.meta.vector\":{\"type\":\"flecs.meta.u8\"}}}, {\"name\":\"#28\", \"id\":28, \"components\":{\"flecs.core.Component\":{\"size\":16, \"alignment\":8}, \"flecs.meta.type\":{\"kind\":\"VectorType\"}, \"flecs.meta.TypeSerializer\":null, \"flecs.meta.vector\":{\"type\":\"flecs.meta.u16\"}}}, {\"name\":\"#30\", \"id\":30, \"components\":{\"flecs.core.Component\":{\"size\":16, \"alignment\":8}, \"flecs.meta.type\":{\"kind\":\"VectorType\"}, \"flecs.meta.TypeSerializer\":null, \"flecs.meta.vector\":{\"type\":\"flecs.meta.u32\"}}}, {\"name\":\"#32\", \"id\":32, \"components\":{\"flecs.core.Component\":{\"size\":16, \"alignment\":8}, \"flecs.meta.type\":{\"kind\":\"VectorType\"}, \"flecs.meta.TypeSerializer\":null, \"flecs.meta.vector\":{\"type\":\"flecs.meta.u64\"}}}, {\"name\":\"#34\", \"id\":34, \"components\":{\"flecs.core.Component\":{\"size\":16, \"alignment\":8}, \"flecs.meta.type\":{\"kind\":\"VectorType\"}, \"flecs.meta.TypeSerializer\":null, \"flecs.meta.vector\":{\"type\":\"flecs.meta.f32\"}}}, {\"name\":\"#36\", \"id\":36, \"components\":{\"flecs.core.Component\":{\"size\":16, \"alignment\":8}, \"flecs.meta.type\":{\"kind\":\"VectorType\"}, \"flecs.meta.TypeSerializer\":null, \"flecs.meta.vector\":{\"type\":\"flecs.meta.f64\"}}}, {\"name\":\"#38\", \"id\":38, \"components\":{\"flecs.core.Component\":{\"size\":16, \"alignment\":8}, \"flecs.meta.type\":{\"kind\":\"VectorType\"}, \"flecs.meta.TypeSerializer\":null, \"flecs.meta.vector\":{\"type\":\"flecs.meta.bool\"}}}, {\"name\":\"#40\", \"id\":40, \"components\":{\"flecs.core.Component\":{\"size\":16, \"alignment\":8}, \"flecs.meta.type\":{\"kind\":\"VectorType\"}, \"flecs.meta.TypeSerializer\":null, \"flecs.meta.vector\":{\"type\":\"flecs.meta.char\"}}}, {\"name\":\"#42\", \"id\":42, \"components\":{\"flecs.core.Component\":{\"size\":16, \"alignment\":8}, \"flecs.meta.type\":{\"kind\":\"VectorType\"}, \"flecs.meta.TypeSerializer\":null, \"flecs.meta.vector\":{\"type\":\"flecs.meta.uptr\"}}}, {\"name\":\"#44\", \"id\":44, \"components\":{\"flecs.core.Component\":{\"size\":16, \"alignment\":8}, \"flecs.meta.type\":{\"kind\":\"VectorType\"}, \"flecs.meta.TypeSerializer\":null, \"flecs.meta.vector\":{\"type\":\"flecs.meta.iptr\"}}}, {\"name\":\"ent_1\", \"id\":551, \"components\":{\"examples.reflection.reflection_world_ser_deser.Position\":{\"x\":10, \"y\":20}, \"examples.reflection.reflection_world_ser_deser.Velocity\":{\"x\":1, \"y\":-1}, \"(flecs.core.Identifier,flecs.core.Name)\":null}}, {\"name\":\"ent_2\", \"id\":552, \"components\":{\"examples.reflection.reflection_world_ser_deser.Position\":{\"x\":30, \"y\":40}, \"examples.reflection.reflection_world_ser_deser.Velocity\":{\"x\":-1, \"y\":1}, \"(flecs.core.Identifier,flecs.core.Name)\":null}}, {\"name\":\"Move\", \"id\":550, \"tags\":[\"flecs.core.Query\", \"flecs.system.System\", \"flecs.pipeline.OnUpdate\"],\"pairs\":{\"flecs.core.DependsOn\":\"flecs.pipeline.OnUpdate\"}, \"components\":{\"(flecs.core.Identifier,flecs.core.Name)\":null, \"(flecs.core.Poly,flecs.core.Query)\":null, \"(flecs.core.Poly,flecs.system.System)\":null}}]}\n::ent_1 moved to {x: 11, y: 19}\n::ent_2 moved to {x: 29, y: 41}\n\n::ent_1 moved to {x: 11, y: 19}\n::ent_2 moved to {x: 29, y: 41}\n"
