---
source: flecs_ecs/examples/flecs/z_ignore_test_common.rs
expression: str_output
---
"\"{\\\"ints\\\":[1, 2, 3], \\\"strings\\\":[\\\"foo\\\", \\\"bar\\\"]}\"\n\"{\\\"ints\\\":[4, 5, 3], \\\"strings\\\":[\\\"hello\\\", \\\"flecs\\\", \\\"reflection\\\", \\\"\\\"]}\"\n"
