---
source: flecs_ecs/examples/flecs/z_ignore_test_common.rs
expression: str_output
---
"\"{start: {x: 10, y: 20}, stop: {x: 30, y: 40}}\"\n"
