---
source: flecs_ecs/examples/flecs/system_custom_runner.rs
expression: self.str
---
- Move begin
- "e1: { 11, 22 }"
- "e2: { 13, 24 }"
- Move end
