---
source: flecs_ecs/examples/flecs/z_snapshot_test.rs
expression: self.str
---
- "my_freighter:"
- " - position: 10, 20"
- " - impulse speed: 50"
- " - defense: 100"
- " - capacity: 500"
