---
source: flecs_ecs/examples/flecs/query_group_by.rs
expression: self.str
---
- "\n"
- "Group: \"::examples::query_group_by::First\" - Table: [Some(examples.query_group_by.Position, (examples.query_group_by.Group,examples.query_group_by.First))]"
- " [Position { x: 3.0, y: 3.0 }]"
- "\n"
- "Group: \"::examples::query_group_by::First\" - Table: [Some(examples.query_group_by.Position, examples.query_group_by.Tag, (examples.query_group_by.Group,examples.query_group_by.First))]"
- " [Position { x: 6.0, y: 6.0 }]"
- "\n"
- "Group: \"::examples::query_group_by::Second\" - Table: [Some(examples.query_group_by.Position, (examples.query_group_by.Group,examples.query_group_by.Second))]"
- " [Position { x: 2.0, y: 2.0 }]"
- "\n"
- "Group: \"::examples::query_group_by::Second\" - Table: [Some(examples.query_group_by.Position, examples.query_group_by.Tag, (examples.query_group_by.Group,examples.query_group_by.Second))]"
- " [Position { x: 5.0, y: 5.0 }]"
- "\n"
- "Group: \"::examples::query_group_by::Third\" - Table: [Some(examples.query_group_by.Position, (examples.query_group_by.Group,examples.query_group_by.Third))]"
- " [Position { x: 1.0, y: 1.0 }]"
- "\n"
- "Group: \"::examples::query_group_by::Third\" - Table: [Some(examples.query_group_by.Position, examples.query_group_by.Tag, (examples.query_group_by.Group,examples.query_group_by.Third))]"
- " [Position { x: 4.0, y: 4.0 }]"
- "\n"
