---
source: flecs_ecs/examples/flecs/z_snapshot_test.rs
expression: self.str
---
- "added Position to \"Bob\""
- "set Position { x: 10.0, y: 20.0 } for \"Bob\""
- "removed Position { x: 10.0, y: 20.0 } from \"Bob\""
