---
source: flecs_ecs/examples/flecs/z_snapshot_test.rs
expression: self.str
---
- "Entity ::e1 has Velocity { x: 0.0, y: 9.81 }"
- "Entity ::e2 has Velocity { x: 0.0, y: 10.81 }"
- "Entity ::e3 has Velocity { x: 0.0, y: 11.81 }"
