---
source: flecs_ecs/examples/flecs/z_snapshot_test.rs
expression: self.str
---
- " - OnSet: examples.observer_two_components.Velocity: e: p: { 10, 20 }, v: { 1, 2 }"
