---
source: flecs_ecs/examples/flecs/z_snapshot_test.rs
expression: self.str
---
- "Entity e1: Position { x: 11.0, y: 22.0 }"
- "Entity e2: Position { x: 13.0, y: 24.0 }"
