---
source: flecs_ecs/examples/flecs/z_snapshot_test.rs
expression: self.str
---
- " - OnSet: examples.observer_propagate.Position: e: self: { 10, 20 }, parent: { 1, 2 }"
