---
source: flecs_ecs/examples/flecs/z_snapshot_test.rs
expression: self.str
---
- Alice eats 4 Apples
- Bob eats 10 Apples
- Bob eats 5 Pears
