---
source: flecs_ecs/examples/common.rs
expression: self.str
---
- "\n"
- "Group created: \"Third\""
- "\n"
- "Group created: \"Second\""
- "\n"
- "Group created: \"First\""
- "\n"
- "Group: \"::query_group_by_callbacks::common::First\" - Table: [Some(query_group_by_callbacks.common.Position, (query_group_by_callbacks.common.Group,query_group_by_callbacks.common.First))] - Counter: 3"
- " [Position { x: 3.0, y: 3.0 }]"
- "\n"
- "Group: \"::query_group_by_callbacks::common::First\" - Table: [Some(query_group_by_callbacks.common.Position, query_group_by_callbacks.common.Tag, (query_group_by_callbacks.common.Group,query_group_by_callbacks.common.First))] - Counter: 3"
- " [Position { x: 6.0, y: 6.0 }]"
- "\n"
- "Group: \"::query_group_by_callbacks::common::Second\" - Table: [Some(query_group_by_callbacks.common.Position, (query_group_by_callbacks.common.Group,query_group_by_callbacks.common.Second))] - Counter: 2"
- " [Position { x: 2.0, y: 2.0 }]"
- "\n"
- "Group: \"::query_group_by_callbacks::common::Second\" - Table: [Some(query_group_by_callbacks.common.Position, query_group_by_callbacks.common.Tag, (query_group_by_callbacks.common.Group,query_group_by_callbacks.common.Second))] - Counter: 2"
- " [Position { x: 5.0, y: 5.0 }]"
- "\n"
- "Group: \"::query_group_by_callbacks::common::Third\" - Table: [Some(query_group_by_callbacks.common.Position, (query_group_by_callbacks.common.Group,query_group_by_callbacks.common.Third))] - Counter: 1"
- " [Position { x: 1.0, y: 1.0 }]"
- "\n"
- "Group: \"::query_group_by_callbacks::common::Third\" - Table: [Some(query_group_by_callbacks.common.Position, query_group_by_callbacks.common.Tag, (query_group_by_callbacks.common.Group,query_group_by_callbacks.common.Third))] - Counter: 1"
- " [Position { x: 4.0, y: 4.0 }]"
- "\n"
- "Group deleted: \"First\""
- "Group deleted: \"Third\""
- "Group deleted: \"Second\""
