---
source: flecs_ecs/examples/common.rs
expression: self.str
---
- "Creature 541 at location 0,0 is enchanted with mystical energy, ability power: 0 "
- "Creature 544 at location 2,2 is enchanted with mystical energy, ability power: 3 "
- "Creature 546 at location 4,4 is enchanted with mystical energy, ability power: 6 "
- "Creature 548 at location 6,6 is enchanted with mystical energy, ability power: 9 "
- "Creature 550 at location 8,8 is enchanted with mystical energy, ability power: 12 "
