---
source: flecs_ecs/examples/common
expression: self.str
---
[]
